C51 COMPILER V9.60.0.0   IOCONTROLLER                                                      10/08/2020 04:14:11 PAGE 1   


C51 COMPILER V9.60.0.0, COMPILATION OF MODULE IOCONTROLLER
OBJECT MODULE PLACED IN .\Objects\IOController.obj
COMPILER INVOKED BY: C:\Keil_v5\C51\BIN\C51.EXE IOController.c OPTIMIZE(1,SPEED) BROWSE DEBUG OBJECTEXTEND CODE PRINT(.\
                    -Listings\IOController.lst) TABS(2) OBJECT(.\Objects\IOController.obj)

line level    source

   1          #include <reg51.h>
   2          
   3          main() {
   4   1        P2 = P1;
   5   1        return 0;
   6   1      }
C51 COMPILER V9.60.0.0   IOCONTROLLER                                                      10/08/2020 04:14:11 PAGE 2   

ASSEMBLY LISTING OF GENERATED OBJECT CODE


             ; FUNCTION main (BEGIN)
                                           ; SOURCE LINE # 3
                                           ; SOURCE LINE # 4
0000 8590A0            MOV     P2,P1
                                           ; SOURCE LINE # 5
0003 E4                CLR     A
0004 7E00              MOV     R6,#00H
0006 7F00              MOV     R7,#00H
                                           ; SOURCE LINE # 6
0008 22                RET     
             ; FUNCTION main (END)



MODULE INFORMATION:   STATIC OVERLAYABLE
   CODE SIZE        =      9    ----
   CONSTANT SIZE    =   ----    ----
   XDATA SIZE       =   ----    ----
   PDATA SIZE       =   ----    ----
   DATA SIZE        =   ----    ----
   IDATA SIZE       =   ----    ----
   BIT SIZE         =   ----    ----
END OF MODULE INFORMATION.


C51 COMPILATION COMPLETE.  0 WARNING(S),  0 ERROR(S)
