A51 MACRO ASSEMBLER  IOCONTROLLER                                                         10/08/2020 04:16:16 PAGE     1


MACRO ASSEMBLER A51 V8.2.7.0
OBJECT MODULE PLACED IN .\Objects\IOController.obj
ASSEMBLER INVOKED BY: C:\Keil_v5\C51\BIN\A51.EXE IOController.a51 SET(SMALL) DEBUG PRINT(.\Listings\IOController.lst) OB
                      JECT(.\Objects\IOController.obj) EP

LOC  OBJ            LINE     SOURCE

----                   1     cseg at 0
                       2             
0000 E590              3             mov a, P1
0002 F5A0              4             mov P2, a
                       5             
                       6     end
A51 MACRO ASSEMBLER  IOCONTROLLER                                                         10/08/2020 04:16:16 PAGE     2

SYMBOL TABLE LISTING
------ ----- -------


N A M E             T Y P E  V A L U E   ATTRIBUTES

P1 . . . . . . . .  D ADDR   0090H   A   
P2 . . . . . . . .  D ADDR   00A0H   A   


REGISTER BANK(S) USED: 0 


ASSEMBLY COMPLETE.  0 WARNING(S), 0 ERROR(S)
